// Jest Snapshot v1, https://goo.gl/fbAQLP

exports[`Basic Usage Snapshot 1`] = `
<DocumentFragment>
  <main
    class="MuiContainer-root MuiContainer-maxWidthXs"
    data-testid="MUAA.ForgotPassword"
  >
    <form>
      <div
        class="MuiBox-root MuiBox-root-682"
      >
        <div
          class="MuiBox-root MuiBox-root-683"
          data-testid="MUAA.ForgotPassword.Title"
        >
          <div
            class="MuiBox-root MuiBox-root-684"
          >
            <div
              class="MuiBox-root MuiBox-root-685"
            >
              <svg
                aria-hidden="true"
                class="MuiSvgIcon-root"
                focusable="false"
                viewBox="0 0 24 24"
              >
                <path
                  d="M18 8h-1V6c0-2.76-2.24-5-5-5S7 3.24 7 6v2H6c-1.1 0-2 .9-2 2v10c0 1.1.9 2 2 2h12c1.1 0 2-.9 2-2V10c0-1.1-.9-2-2-2zM9 6c0-1.66 1.34-3 3-3s3 1.34 3 3v2H9V6zm9 14H6V10h12v10zm-6-3c1.1 0 2-.9 2-2s-.9-2-2-2-2 .9-2 2 .9 2 2 2z"
                />
              </svg>
            </div>
          </div>
          <div
            class="MuiBox-root MuiBox-root-695"
          >
            #MUAA.ForgotPassword.Title
          </div>
        </div>
        <div
          class="MuiBox-root MuiBox-root-696"
        >
          MyError
        </div>
        <div
          class="MuiBox-root MuiBox-root-697"
        >
          <div
            class="MuiFormControl-root MuiTextField-root MuiFormControl-fullWidth"
          >
            <label
              class="MuiFormLabel-root MuiInputLabel-root MuiInputLabel-formControl MuiInputLabel-animated MuiInputLabel-outlined Mui-required Mui-required"
              data-shrink="false"
            >
              #MUAA.ForgotPassword.Email
              <span
                aria-hidden="true"
                class="MuiFormLabel-asterisk MuiInputLabel-asterisk"
              >
                 *
              </span>
            </label>
            <div
              class="MuiInputBase-root MuiOutlinedInput-root MuiInputBase-fullWidth MuiInputBase-formControl"
            >
              <input
                aria-invalid="false"
                autocomplete="email"
                class="MuiInputBase-input MuiOutlinedInput-input"
                data-testid="MUAA.ForgotPassword.Email"
                required=""
                type="email"
                value=""
              />
              <fieldset
                aria-hidden="true"
                class="PrivateNotchedOutline-root-756 MuiOutlinedInput-notchedOutline"
              >
                <legend
                  class="PrivateNotchedOutline-legendLabelled-758"
                >
                  <span>
                    #MUAA.ForgotPassword.Email *
                  </span>
                </legend>
              </fieldset>
            </div>
          </div>
        </div>
        <div
          class="MuiBox-root MuiBox-root-760"
        >
          <button
            class="MuiButtonBase-root MuiButton-root MuiButton-contained MuiButton-containedPrimary MuiButton-fullWidth"
            data-testid="MUAA.ForgotPassword.Submit"
            tabindex="0"
            type="submit"
          >
            <span
              class="MuiButton-label"
            >
              #MUAA.ForgotPassword.Submit
            </span>
            <span
              class="MuiTouchRipple-root"
            />
          </button>
        </div>
        <div
          class="MuiBox-root MuiBox-root-794"
        >
          <a
            class="MuiTypography-root MuiLink-root MuiLink-underlineHover MuiTypography-body2 MuiTypography-colorPrimary"
            data-testid="MUAA.ForgotPassword.SignIn"
            href="#"
          >
            #MUAA.ForgotPassword.SignIn
          </a>
        </div>
      </div>
    </form>
  </main>
</DocumentFragment>
`;
